// Jest Snapshot v1, https://goo.gl/fbAQLP

exports[`Card renders 1`] = `
<styled.div>
  Single text
</styled.div>
`;
