// Jest Snapshot v1, https://goo.gl/fbAQLP

exports[`Bar renders 1`] = `
<styled.div>
  Bar content
</styled.div>
`;
