// Jest Snapshot v1, https://goo.gl/fbAQLP

exports[`Segment renders 1`] = `
<styled.section>
  This is my content
</styled.section>
`;
