// Jest Snapshot v1, https://goo.gl/fbAQLP

exports[`Money renders 1`] = `
<styled.div
  textAlign="right"
>
  $
  12,345.67
</styled.div>
`;
